# NNUE Training Runner - Structured Log
# Format: [TIMESTAMP] [LEVEL] [PHASE:GEN] message
# Generated: 2026-04-15T03:15:48.514
#
[2026-04-15T03:15:48.514] [EVENT] [pipeline:0] PIPELINE_START first_gen=1 last_gen=3 total_gens=3
[2026-04-15T03:15:48.514] [CONFIG] [pipeline:0] variant=Duck Chess generations=3 startGen=0 gamesPerGen=50 depth=5 workers=12 epochsPerGen=3 batchSize=1024 lr=0.001 weightDecay=1e-05 maxPositions=100000 splRatio=0.4 drawWeight=1 mateBoost=3 eloValidate=false
[2026-04-15T03:15:48.514] [EVENT] [pipeline:1] GEN_START gen=1
[2026-04-15T03:15:48.516] [CMD] [selfplay:1] "C:\Users\chris\pyproj\my_env\Projects\ChessEngine\x64\Release\ChessEngine.exe" --generate --games 50 --depth 5 --workers 12 --output "C:\Users\chris\pyproj\my_env\Projects\ChessEngine\x64\Release\assets\duck_selfplay_gen1.bin" --duck-chess --resign-cp 500 --resign-count 3 --draw-cp 50 --draw-count 6 --draw-min-ply 40 --draw-adj-moves 12 --draw-adj-threshold 4 --draw-adj-min-move 50 --maxplies 250 --contempt 25 --opening-plies 4 --opening-temp 1.5 --softmax-plies 8 --softmax-temp 0.5 --record-min-ply 10 --record-max-eval 2500 --openings "C:\Users\chris\pyproj\my_env\Projects\ChessEngine\x64\Release\assets\openings.txt"
[2026-04-15T03:15:48.519] [EVENT] [selfplay:1] PHASE_START games=50 depth=5 workers=12
[2026-04-15T03:15:48.922] [INFO] [selfplay:1] [SelfPlay] Starting 50 games  depth=5  movetime=0ms  workers=12  output=C:\Users\chris\pyproj\my_env\Projects\ChessEngine\x64\Release\assets\duck_selfplay_gen1.bin  openings=2000  contempt=25  openingTemp=1.5  openingPlies=4  softmaxPlies=8  softmaxTemp=0.5  recordMinPly=10  recordMaxEval=2500  resign=500cp/3ply  draw=50cp/6ply@40  drawAdj=4cp/12ply@50
[2026-04-15T03:16:21.601] [INFO] [selfplay:1] [SKIP] Phase skipped by user — continuing pipeline
[2026-04-15T03:16:21.602] [EVENT] [selfplay:1] PHASE_END success=true output_size=95 KB
[2026-04-15T03:16:22.144] [EVENT] [training:1] PHASE_START epochs=3 lr=0.001 batch=1024
[2026-04-15T03:16:22.930] [METRIC] [training:1] EPOCH epoch=1 train_loss=0.08721083
[2026-04-15T03:16:22.930] [METRIC] [training:1] PHASE_LOSS opening=0.0464813 middlegame=0.104301 endgame=0.109762
[2026-04-15T03:16:23.617] [METRIC] [training:1] EPOCH epoch=2 train_loss=0.08693386
[2026-04-15T03:16:23.617] [METRIC] [training:1] PHASE_LOSS opening=0.0464725 middlegame=0.104303 endgame=0.109716
[2026-04-15T03:16:24.400] [METRIC] [training:1] EPOCH epoch=3 train_loss=0.08692430
[2026-04-15T03:16:24.400] [METRIC] [training:1] PHASE_LOSS opening=0.0464678 middlegame=0.104308 endgame=0.109678
[2026-04-15T03:16:24.460] [EVENT] [training:1] PHASE_END success=true duration=0m 2s best_train=0.0869243 best_val=0 weights_size=2.2 MB
[2026-04-15T03:16:24.460] [EVENT] [pipeline:1] GEN_SUMMARY gen=1 train_loss=0.0869243 val_loss=0 elo=0 weights_size=2.2 MB
[2026-04-15T03:16:24.619] [EVENT] [pipeline:2] GEN_START gen=2
[2026-04-15T03:16:24.620] [CMD] [selfplay:2] "C:\Users\chris\pyproj\my_env\Projects\ChessEngine\x64\Release\ChessEngine.exe" --generate --games 50 --depth 5 --workers 12 --output "C:\Users\chris\pyproj\my_env\Projects\ChessEngine\x64\Release\assets\duck_selfplay_gen2.bin" --duck-chess --resign-cp 500 --resign-count 3 --draw-cp 50 --draw-count 6 --draw-min-ply 40 --draw-adj-moves 12 --draw-adj-threshold 4 --draw-adj-min-move 50 --maxplies 250 --contempt 25 --opening-plies 4 --opening-temp 1.5 --softmax-plies 8 --softmax-temp 0.5 --record-min-ply 10 --record-max-eval 2500 --openings "C:\Users\chris\pyproj\my_env\Projects\ChessEngine\x64\Release\assets\openings.txt"
[2026-04-15T03:16:24.621] [EVENT] [selfplay:2] PHASE_START games=50 depth=5 workers=12
[2026-04-15T03:16:25.032] [INFO] [selfplay:2] [SelfPlay] Starting 50 games  depth=5  movetime=0ms  workers=12  output=C:\Users\chris\pyproj\my_env\Projects\ChessEngine\x64\Release\assets\duck_selfplay_gen2.bin  openings=2000  contempt=25  openingTemp=1.5  openingPlies=4  softmaxPlies=8  softmaxTemp=0.5  recordMinPly=10  recordMaxEval=2500  resign=500cp/3ply  draw=50cp/6ply@40  drawAdj=4cp/12ply@50
[2026-04-15T03:16:51.075] [INFO] [selfplay:2] [SKIP] Phase skipped by user — continuing pipeline
[2026-04-15T03:16:51.075] [EVENT] [selfplay:2] PHASE_END success=true output_size=95 KB
[2026-04-15T03:16:51.629] [EVENT] [training:2] PHASE_START epochs=3 lr=0.001 batch=1024
[2026-04-15T03:16:52.562] [METRIC] [training:2] EPOCH epoch=1 train_loss=0.07783910
[2026-04-15T03:16:52.562] [METRIC] [training:2] PHASE_LOSS opening=0.0376853 middlegame=0.0903955 endgame=0.112636
[2026-04-15T03:16:53.483] [METRIC] [training:2] EPOCH epoch=2 train_loss=0.07819513
[2026-04-15T03:16:53.483] [METRIC] [training:2] PHASE_LOSS opening=0.0376862 middlegame=0.0903545 endgame=0.112547
[2026-04-15T03:16:54.404] [METRIC] [training:2] EPOCH epoch=3 train_loss=0.07805969
[2026-04-15T03:16:54.404] [METRIC] [training:2] PHASE_LOSS opening=0.037688 middlegame=0.0903354 endgame=0.112504
[2026-04-15T03:16:54.474] [EVENT] [training:2] PHASE_END success=true duration=0m 2s best_train=0.07805969 best_val=0 weights_size=2.2 MB
[2026-04-15T03:16:54.474] [EVENT] [pipeline:2] GEN_SUMMARY gen=2 train_loss=0.07805969 val_loss=0 elo=0 weights_size=2.2 MB
[2026-04-15T03:16:54.649] [EVENT] [pipeline:3] GEN_START gen=3
[2026-04-15T03:16:54.650] [CMD] [selfplay:3] "C:\Users\chris\pyproj\my_env\Projects\ChessEngine\x64\Release\ChessEngine.exe" --generate --games 50 --depth 5 --workers 12 --output "C:\Users\chris\pyproj\my_env\Projects\ChessEngine\x64\Release\assets\duck_selfplay_gen3.bin" --duck-chess --resign-cp 500 --resign-count 3 --draw-cp 50 --draw-count 6 --draw-min-ply 40 --draw-adj-moves 12 --draw-adj-threshold 4 --draw-adj-min-move 50 --maxplies 250 --contempt 25 --opening-plies 4 --opening-temp 1.5 --softmax-plies 8 --softmax-temp 0.5 --record-min-ply 10 --record-max-eval 2500 --openings "C:\Users\chris\pyproj\my_env\Projects\ChessEngine\x64\Release\assets\openings.txt"
[2026-04-15T03:16:54.650] [EVENT] [selfplay:3] PHASE_START games=50 depth=5 workers=12
[2026-04-15T03:16:55.092] [INFO] [selfplay:3] [SelfPlay] Starting 50 games  depth=5  movetime=0ms  workers=12  output=C:\Users\chris\pyproj\my_env\Projects\ChessEngine\x64\Release\assets\duck_selfplay_gen3.bin  openings=2000  contempt=25  openingTemp=1.5  openingPlies=4  softmaxPlies=8  softmaxTemp=0.5  recordMinPly=10  recordMaxEval=2500  resign=500cp/3ply  draw=50cp/6ply@40  drawAdj=4cp/12ply@50
[2026-04-15T03:17:26.153] [INFO] [selfplay:3] [STOP] Pipeline stopped by user (exit code 1)
[2026-04-15T03:17:26.153] [EVENT] [selfplay:3] PHASE_END success=false output_size=19 KB
[2026-04-15T03:17:26.153] [ERROR] [selfplay:3] Self-play stopped by user
[2026-04-15T03:17:26.153] [EVENT] [pipeline:0] PIPELINE_END reason=user_stop completed_gens=2
# END OF LOG 2026-04-15T03:17:26.153
