# NNUE Training Runner - Structured Log
# Format: [TIMESTAMP] [LEVEL] [PHASE:GEN] message
# Generated: 2026-04-15T03:28:27.786
#
[2026-04-15T03:28:27.787] [EVENT] [pipeline:0] PIPELINE_START first_gen=1 last_gen=3 total_gens=3
[2026-04-15T03:28:27.787] [CONFIG] [pipeline:0] variant=Duck Chess generations=3 startGen=0 gamesPerGen=50 depth=2 workers=12 epochsPerGen=3 batchSize=1024 lr=0.001 weightDecay=1e-05 maxPositions=100000 splRatio=0.4 drawWeight=1 mateBoost=3 eloValidate=false
[2026-04-15T03:28:27.787] [EVENT] [pipeline:1] GEN_START gen=1
[2026-04-15T03:28:27.788] [CMD] [selfplay:1] "C:\Users\chris\pyproj\my_env\Projects\ChessEngine\x64\Release\ChessEngine.exe" --generate --games 50 --depth 2 --workers 12 --output "C:\Users\chris\pyproj\my_env\Projects\ChessEngine\x64\Release\assets\duck_selfplay_gen1.bin" --duck-chess --resign-cp 500 --resign-count 3 --draw-cp 50 --draw-count 6 --draw-min-ply 40 --draw-adj-moves 12 --draw-adj-threshold 4 --draw-adj-min-move 50 --maxplies 250 --contempt 25 --opening-plies 4 --opening-temp 1.5 --softmax-plies 8 --softmax-temp 0.5 --record-min-ply 10 --record-max-eval 2500 --openings "C:\Users\chris\pyproj\my_env\Projects\ChessEngine\x64\Release\assets\openings.txt"
[2026-04-15T03:28:27.791] [EVENT] [selfplay:1] PHASE_START games=50 depth=2 workers=12
[2026-04-15T03:28:28.194] [INFO] [selfplay:1] [SelfPlay] Starting 50 games  depth=2  movetime=0ms  workers=12  output=C:\Users\chris\pyproj\my_env\Projects\ChessEngine\x64\Release\assets\duck_selfplay_gen1.bin  openings=2000  contempt=25  openingTemp=1.5  openingPlies=4  softmaxPlies=8  softmaxTemp=0.5  recordMinPly=10  recordMaxEval=2500  resign=500cp/3ply  draw=50cp/6ply@40  drawAdj=4cp/12ply@50
[2026-04-15T03:28:31.475] [STATS] [selfplay:1] PROGRESS pct=26% pos=420 W/D/B=0/13/0 100.5 games/s 8.3K nps
[2026-04-15T03:28:33.886] [STATS] [selfplay:1] PROGRESS pct=50% pos=764 W/D/B=0/25/0 32.8 games/s 5.0K nps
[2026-04-15T03:28:36.037] [STATS] [selfplay:1] PROGRESS pct=76% pos=1098 W/D/B=0/38/0 26.9 games/s 3.7K nps
[2026-04-15T03:28:38.145] [STATS] [selfplay:1] PROGRESS pct=100% pos=1490 W/D/B=0/50/0 33.7 games/s 3.0K nps
[2026-04-15T03:28:38.205] [STATS] [selfplay:1] [SelfPlay] Done. 1490 positions written to C:\Users\chris\pyproj\my_env\Projects\ChessEngine\x64\Release\assets\duck_selfplay_gen1.bin
[2026-04-15T03:28:38.270] [EVENT] [selfplay:1] PHASE_END success=true output_size=94 KB
[2026-04-15T03:28:38.912] [EVENT] [training:1] PHASE_START epochs=3 lr=0.001 batch=1024
[2026-04-15T03:28:39.698] [METRIC] [training:1] EPOCH epoch=1 train_loss=0.08327372 val_loss=0.09020828
[2026-04-15T03:28:39.698] [METRIC] [training:1] PHASE_LOSS opening=0.0413171 middlegame=0.0956462 endgame=0.10949
[2026-04-15T03:28:40.436] [METRIC] [training:1] EPOCH epoch=2 train_loss=0.08296316 val_loss=0.09020520
[2026-04-15T03:28:40.436] [METRIC] [training:1] PHASE_LOSS opening=0.0413517 middlegame=0.0956544 endgame=0.109454
[2026-04-15T03:28:41.163] [METRIC] [training:1] EPOCH epoch=3 train_loss=0.08351360 val_loss=0.09020452
[2026-04-15T03:28:41.163] [METRIC] [training:1] PHASE_LOSS opening=0.0413812 middlegame=0.0956627 endgame=0.109428
[2026-04-15T03:28:41.235] [EVENT] [training:1] PHASE_END success=true duration=0m 2s best_train=0.0835136 best_val=0.09020452 weights_size=2.2 MB
[2026-04-15T03:28:41.235] [EVENT] [pipeline:1] GEN_SUMMARY gen=1 train_loss=0.0835136 val_loss=0.09020452 elo=0 weights_size=2.2 MB
[2026-04-15T03:28:41.389] [EVENT] [pipeline:2] GEN_START gen=2
[2026-04-15T03:28:41.391] [CMD] [selfplay:2] "C:\Users\chris\pyproj\my_env\Projects\ChessEngine\x64\Release\ChessEngine.exe" --generate --games 50 --depth 2 --workers 12 --output "C:\Users\chris\pyproj\my_env\Projects\ChessEngine\x64\Release\assets\duck_selfplay_gen2.bin" --duck-chess --resign-cp 500 --resign-count 3 --draw-cp 50 --draw-count 6 --draw-min-ply 40 --draw-adj-moves 12 --draw-adj-threshold 4 --draw-adj-min-move 50 --maxplies 250 --contempt 25 --opening-plies 4 --opening-temp 1.5 --softmax-plies 8 --softmax-temp 0.5 --record-min-ply 10 --record-max-eval 2500 --openings "C:\Users\chris\pyproj\my_env\Projects\ChessEngine\x64\Release\assets\openings.txt"
[2026-04-15T03:28:41.391] [EVENT] [selfplay:2] PHASE_START games=50 depth=2 workers=12
[2026-04-15T03:28:41.807] [INFO] [selfplay:2] [SelfPlay] Starting 50 games  depth=2  movetime=0ms  workers=12  output=C:\Users\chris\pyproj\my_env\Projects\ChessEngine\x64\Release\assets\duck_selfplay_gen2.bin  openings=2000  contempt=25  openingTemp=1.5  openingPlies=4  softmaxPlies=8  softmaxTemp=0.5  recordMinPly=10  recordMaxEval=2500  resign=500cp/3ply  draw=50cp/6ply@40  drawAdj=4cp/12ply@50
[2026-04-15T03:28:45.105] [STATS] [selfplay:2] PROGRESS pct=26% pos=420 W/D/B=0/13/0 24.7 games/s 8.3K nps
[2026-04-15T03:28:47.589] [STATS] [selfplay:2] PROGRESS pct=50% pos=764 W/D/B=0/25/0 55.4 games/s 4.8K nps
[2026-04-15T03:28:49.515] [STATS] [selfplay:2] PROGRESS pct=76% pos=1114 W/D/B=0/38/0 25.8 games/s 3.8K nps
[2026-04-15T03:28:51.680] [STATS] [selfplay:2] PROGRESS pct=100% pos=1490 W/D/B=0/50/0 19.5 games/s 3.0K nps
[2026-04-15T03:28:51.812] [STATS] [selfplay:2] [SelfPlay] Done. 1490 positions written to C:\Users\chris\pyproj\my_env\Projects\ChessEngine\x64\Release\assets\duck_selfplay_gen2.bin
[2026-04-15T03:28:51.876] [EVENT] [selfplay:2] PHASE_END success=true output_size=94 KB
[2026-04-15T03:28:52.420] [EVENT] [training:2] PHASE_START epochs=3 lr=0.001 batch=1024
[2026-04-15T03:28:53.335] [METRIC] [training:2] EPOCH epoch=1 train_loss=0.07212684 val_loss=0.07651405
[2026-04-15T03:28:53.335] [METRIC] [training:2] PHASE_LOSS opening=0.0303377 middlegame=0.0843653 endgame=0.115347
[2026-04-15T03:28:54.268] [METRIC] [training:2] EPOCH epoch=2 train_loss=0.07228846 val_loss=0.07650159
[2026-04-15T03:28:54.268] [METRIC] [training:2] PHASE_LOSS opening=0.0303185 middlegame=0.0843644 endgame=0.115324
[2026-04-15T03:28:55.195] [METRIC] [training:2] EPOCH epoch=3 train_loss=0.07218794 val_loss=0.07649061
[2026-04-15T03:28:55.195] [METRIC] [training:2] PHASE_LOSS opening=0.0303006 middlegame=0.0843647 endgame=0.115303
[2026-04-15T03:28:55.258] [EVENT] [training:2] PHASE_END success=true duration=0m 2s best_train=0.07218794 best_val=0.07649061 weights_size=2.2 MB
[2026-04-15T03:28:55.258] [EVENT] [pipeline:2] GEN_SUMMARY gen=2 train_loss=0.07218794 val_loss=0.07649061 elo=0 weights_size=2.2 MB
[2026-04-15T03:28:55.415] [EVENT] [pipeline:3] GEN_START gen=3
[2026-04-15T03:28:55.416] [CMD] [selfplay:3] "C:\Users\chris\pyproj\my_env\Projects\ChessEngine\x64\Release\ChessEngine.exe" --generate --games 50 --depth 2 --workers 12 --output "C:\Users\chris\pyproj\my_env\Projects\ChessEngine\x64\Release\assets\duck_selfplay_gen3.bin" --duck-chess --resign-cp 500 --resign-count 3 --draw-cp 50 --draw-count 6 --draw-min-ply 40 --draw-adj-moves 12 --draw-adj-threshold 4 --draw-adj-min-move 50 --maxplies 250 --contempt 25 --opening-plies 4 --opening-temp 1.5 --softmax-plies 8 --softmax-temp 0.5 --record-min-ply 10 --record-max-eval 2500 --openings "C:\Users\chris\pyproj\my_env\Projects\ChessEngine\x64\Release\assets\openings.txt"
[2026-04-15T03:28:55.416] [EVENT] [selfplay:3] PHASE_START games=50 depth=2 workers=12
[2026-04-15T03:28:55.839] [INFO] [selfplay:3] [SelfPlay] Starting 50 games  depth=2  movetime=0ms  workers=12  output=C:\Users\chris\pyproj\my_env\Projects\ChessEngine\x64\Release\assets\duck_selfplay_gen3.bin  openings=2000  contempt=25  openingTemp=1.5  openingPlies=4  softmaxPlies=8  softmaxTemp=0.5  recordMinPly=10  recordMaxEval=2500  resign=500cp/3ply  draw=50cp/6ply@40  drawAdj=4cp/12ply@50
[2026-04-15T03:28:59.163] [STATS] [selfplay:3] PROGRESS pct=26% pos=420 W/D/B=0/13/0 42.1 games/s 8.3K nps
[2026-04-15T03:29:01.603] [STATS] [selfplay:3] PROGRESS pct=50% pos=764 W/D/B=0/25/0 21.2 games/s 4.9K nps
[2026-04-15T03:29:03.636] [STATS] [selfplay:3] PROGRESS pct=76% pos=1098 W/D/B=0/38/0 14.8 games/s 3.7K nps
[2026-04-15T03:29:05.922] [EVENT] [selfplay:3] PHASE_END success=false output_size=94 KB
[2026-04-15T03:29:05.922] [ERROR] [selfplay:3] Self-play stopped by user
[2026-04-15T03:29:05.922] [EVENT] [pipeline:0] PIPELINE_END reason=user_stop completed_gens=2
# END OF LOG 2026-04-15T03:29:05.922
