# NNUE Training Runner - Structured Log
# Format: [TIMESTAMP] [LEVEL] [PHASE:GEN] message
# Generated: 2026-04-15T23:41:37.421
#
[2026-04-15T23:41:37.421] [EVENT] [pipeline:0] PIPELINE_START first_gen=4 last_gen=13 total_gens=10
[2026-04-15T23:41:37.421] [CONFIG] [pipeline:0] variant=Duck Chess generations=10 startGen=3 gamesPerGen=500 depth=3 workers=12 epochsPerGen=20 batchSize=512 lr=0.001 weightDecay=0.0001 maxPositions=300000 splRatio=0.4 drawWeight=0.2 mateBoost=8 eloValidate=false
[2026-04-15T23:41:37.421] [EVENT] [pipeline:4] GEN_START gen=4
[2026-04-15T23:41:37.425] [CMD] [selfplay:4] "C:\Users\chris\pyproj\my_env\Projects\ChessEngine\x64\Release\ChessEngine.exe" --generate --games 500 --depth 3 --workers 12 --output "C:\Users\chris\pyproj\my_env\Projects\ChessEngine\x64\Release\assets\duck_selfplay_gen4.bin" --duck-chess --resign-cp 500 --resign-count 3 --draw-cp 50 --draw-count 6 --draw-min-ply 40 --draw-adj-moves 12 --draw-adj-threshold 4 --draw-adj-min-move 50 --maxplies 250 --contempt 25 --opening-plies 4 --opening-temp 1.5 --softmax-plies 8 --softmax-temp 0.5 --record-min-ply 10 --record-max-eval 2500 --openings "C:\Users\chris\pyproj\my_env\Projects\ChessEngine\x64\Release\assets\openings.txt"
[2026-04-15T23:41:37.426] [EVENT] [selfplay:4] PHASE_START games=500 depth=3 workers=12
[2026-04-15T23:41:37.854] [INFO] [selfplay:4] [SelfPlay] Starting 500 games  depth=3  movetime=0ms  workers=12  output=C:\Users\chris\pyproj\my_env\Projects\ChessEngine\x64\Release\assets\duck_selfplay_gen4.bin  openings=2000  contempt=25  openingTemp=1.5  openingPlies=4  softmaxPlies=8  softmaxTemp=0.5  recordMinPly=10  recordMaxEval=2500  resign=500cp/3ply  draw=50cp/6ply@40  drawAdj=4cp/12ply@50
[2026-04-15T23:52:21.270] [STATS] [selfplay:4] PROGRESS pct=25% pos=7164 W/D/B=20/73/32 0.8 games/s 629 nps
[2026-04-16T00:01:50.071] [STATS] [selfplay:4] PROGRESS pct=50% pos=14328 W/D/B=43/139/68 42.1 games/s 281 nps
[2026-04-16T00:11:51.211] [STATS] [selfplay:4] PROGRESS pct=75% pos=21769 W/D/B=65/217/93 1.0 games/s 247 nps
[2026-04-16T00:23:17.883] [STATS] [selfplay:4] PROGRESS pct=100% pos=29578 W/D/B=85/280/135 0.7 games/s 172 nps
[2026-04-16T00:23:18.884] [STATS] [selfplay:4] [SelfPlay] Done. 29578 positions written to C:\Users\chris\pyproj\my_env\Projects\ChessEngine\x64\Release\assets\duck_selfplay_gen4.bin
[2026-04-16T00:23:18.961] [EVENT] [selfplay:4] PHASE_END success=true output_size=1.5 MB
[2026-04-16T00:23:19.629] [EVENT] [training:4] PHASE_START epochs=20 lr=0.001 batch=512
[2026-04-16T00:23:28.702] [METRIC] [training:4] EPOCH epoch=0 train_loss=0.03879000
[2026-04-16T00:23:28.702] [ERROR] [training:4] [STOP] Pipeline stopped by user (exit code 1)
[2026-04-16T00:23:28.703] [EVENT] [training:4] PHASE_END success=false duration=0m 9s best_train=0.03879 best_val=0 weights_size=2.2 MB
[2026-04-16T00:23:28.703] [ERROR] [training:4] Training stopped by user
[2026-04-16T00:23:28.703] [EVENT] [pipeline:0] PIPELINE_END reason=user_stop completed_gens=0
# END OF LOG 2026-04-16T00:23:28.703
