# NNUE Training Runner - Structured Log
# Format: [TIMESTAMP] [LEVEL] [PHASE:GEN] message
# Generated: 2026-04-17T02:51:59.500
#
[2026-04-17T02:51:59.501] [EVENT] [pipeline:0] PIPELINE_START first_gen=5 last_gen=14 total_gens=10
[2026-04-17T02:51:59.501] [CONFIG] [pipeline:0] variant=Duck Chess generations=10 startGen=4 gamesPerGen=50 depth=3 workers=12 epochsPerGen=20 batchSize=512 lr=0.001 weightDecay=0.0001 maxPositions=150000 splRatio=0.4 drawWeight=0.2 mateBoost=8 eloValidate=false
[2026-04-17T02:51:59.501] [EVENT] [pipeline:5] GEN_START gen=5
[2026-04-17T02:51:59.507] [CMD] [selfplay:5] "C:\Users\chris\pyproj\my_env\Projects\ChessEngine\x64\Release\ChessEngine.exe" --generate --games 50 --depth 3 --workers 12 --output "C:\Users\chris\pyproj\my_env\Projects\ChessEngine\x64\Release\assets\duck_selfplay_gen5.bin" --duck-chess --resign-cp 500 --resign-count 3 --draw-cp 50 --draw-count 6 --draw-min-ply 40 --draw-adj-moves 12 --draw-adj-threshold 4 --draw-adj-min-move 50 --maxplies 250 --contempt 25 --opening-plies 4 --opening-temp 1.5 --softmax-plies 8 --softmax-temp 0.5 --record-min-ply 10 --record-max-eval 2500 --nps-samples 20 --openings "C:\Users\chris\pyproj\my_env\Projects\ChessEngine\x64\Release\assets\openings.txt"
[2026-04-17T02:51:59.507] [EVENT] [selfplay:5] PHASE_START games=50 depth=3 workers=12
[2026-04-17T02:51:59.892] [INFO] [selfplay:5] [SelfPlay] Starting 50 games  depth=3  movetime=0ms  workers=12  output=C:\Users\chris\pyproj\my_env\Projects\ChessEngine\x64\Release\assets\duck_selfplay_gen5.bin  openings=2000  contempt=25  openingTemp=1.5  openingPlies=4  softmaxPlies=8  softmaxTemp=0.5  recordMinPly=10  recordMaxEval=2500  resign=500cp/3ply  draw=50cp/6ply@40  drawAdj=4cp/12ply@50
[2026-04-17T02:51:59.921] [STATS] [selfplay:5] PROGRESS pct=26% pos=13 W/D/B=0/13/0 295.6 games/s 0 nps
[2026-04-17T02:51:59.924] [STATS] [selfplay:5] PROGRESS pct=50% pos=25 W/D/B=0/25/0 636.0 games/s 0 nps
[2026-04-17T02:51:59.925] [STATS] [selfplay:5] PROGRESS pct=76% pos=38 W/D/B=0/38/0 1004.3 games/s 0 nps
[2026-04-17T02:51:59.926] [STATS] [selfplay:5] PROGRESS pct=100% pos=50 W/D/B=0/50/0 1327.8 games/s 0 nps
[2026-04-17T02:52:00.906] [STATS] [selfplay:5] [SelfPlay] Done. 50 positions written to C:\Users\chris\pyproj\my_env\Projects\ChessEngine\x64\Release\assets\duck_selfplay_gen5.bin
[2026-04-17T02:52:00.975] [EVENT] [selfplay:5] PHASE_END success=true output_size=1 KB
[2026-04-17T02:52:02.237] [EVENT] [training:5] PHASE_START epochs=20 lr=0.001 batch=512
[2026-04-17T02:52:08.452] [ERROR] [training:5] [STOP] Pipeline stopped by user (exit code 1)
[2026-04-17T02:52:08.452] [EVENT] [training:5] PHASE_END success=false duration=0m 6s best_train=0 best_val=0 weights_size=2.2 MB
[2026-04-17T02:52:08.452] [ERROR] [training:5] Training stopped by user
[2026-04-17T02:52:08.453] [EVENT] [pipeline:0] PIPELINE_END reason=user_stop completed_gens=0
# END OF LOG 2026-04-17T02:52:08.453
