# NNUE Training Runner - Structured Log
# Format: [TIMESTAMP] [LEVEL] [PHASE:GEN] message
# Generated: 2026-04-14T02:05:57.591
#
[2026-04-14T02:05:57.591] [EVENT] [pipeline:0] PIPELINE_START first_gen=1 last_gen=3 total_gens=3
[2026-04-14T02:05:57.592] [CONFIG] [pipeline:0] variant=Duck Chess generations=3 startGen=0 gamesPerGen=50 depth=3 workers=12 epochsPerGen=3 batchSize=1024 lr=0.001 weightDecay=1e-05 maxPositions=100000 splRatio=0.4 drawWeight=1 mateBoost=3 eloValidate=false
[2026-04-14T02:05:57.592] [EVENT] [pipeline:1] GEN_START gen=1
[2026-04-14T02:05:57.593] [CMD] [selfplay:1] "C:\Users\chris\pyproj\my_env\Projects\ChessEngine\x64\Release\ChessEngine.exe" --generate --games 50 --depth 3 --workers 12 --output "C:\Users\chris\pyproj\my_env\Projects\ChessEngine\x64\Release\assets\duck_selfplay_gen1.bin" --duck-chess --resign-cp 500 --resign-count 3 --draw-cp 8 --draw-count 6 --draw-min-ply 40 --draw-adj-moves 12 --draw-adj-threshold 4 --draw-adj-min-move 50 --maxplies 250 --contempt 25 --opening-plies 4 --opening-temp 1.5 --softmax-plies 8 --softmax-temp 0.5 --record-min-ply 10 --record-max-eval 2500 --openings "C:\Users\chris\pyproj\my_env\Projects\ChessEngine\x64\Release\assets\openings.txt"
[2026-04-14T02:05:57.593] [EVENT] [selfplay:1] PHASE_START games=50 depth=3 workers=12
[2026-04-14T02:05:58.014] [INFO] [selfplay:1] [SelfPlay] Starting 50 games  depth=3  movetime=0ms  workers=12  output=C:\Users\chris\pyproj\my_env\Projects\ChessEngine\x64\Release\assets\duck_selfplay_gen1.bin  openings=2000  contempt=25  openingTemp=1.5  openingPlies=4  softmaxPlies=8  softmaxTemp=0.5  recordMinPly=10  recordMaxEval=2500  resign=500cp/3ply  draw=8cp/6ply@40  drawAdj=4cp/12ply@50
[2026-04-14T02:09:20.028] [INFO] [selfplay:1] [SelfPlay] Done. 1519 positions written to C:\Users\chris\pyproj\my_env\Projects\ChessEngine\x64\Release\assets\duck_selfplay_gen1.bin
[2026-04-14T02:09:20.093] [EVENT] [selfplay:1] PHASE_END success=true
[2026-04-14T02:09:20.791] [EVENT] [training:1] PHASE_START epochs=3 lr=0.001 batch=1024
[2026-04-14T02:09:24.267] [METRIC] [training:1] EPOCH epoch=1 train_loss=0.08195600
[2026-04-14T02:09:27.530] [METRIC] [training:1] EPOCH epoch=2 train_loss=0.08220500
[2026-04-14T02:09:30.791] [METRIC] [training:1] EPOCH epoch=3 train_loss=0.08227600
[2026-04-14T02:09:30.866] [EVENT] [training:1] PHASE_END success=true
[2026-04-14T02:09:30.866] [EVENT] [pipeline:1] GEN_SUMMARY gen=1 train_loss=0.082276 val_loss=0 elo=0
[2026-04-14T02:09:31.440] [EVENT] [pipeline:2] GEN_START gen=2
[2026-04-14T02:09:31.441] [CMD] [selfplay:2] "C:\Users\chris\pyproj\my_env\Projects\ChessEngine\x64\Release\ChessEngine.exe" --generate --games 50 --depth 3 --workers 12 --output "C:\Users\chris\pyproj\my_env\Projects\ChessEngine\x64\Release\assets\duck_selfplay_gen2.bin" --duck-chess --resign-cp 500 --resign-count 3 --draw-cp 8 --draw-count 6 --draw-min-ply 40 --draw-adj-moves 12 --draw-adj-threshold 4 --draw-adj-min-move 50 --maxplies 250 --contempt 25 --opening-plies 4 --opening-temp 1.5 --softmax-plies 8 --softmax-temp 0.5 --record-min-ply 10 --record-max-eval 2500 --openings "C:\Users\chris\pyproj\my_env\Projects\ChessEngine\x64\Release\assets\openings.txt"
[2026-04-14T02:09:31.442] [EVENT] [selfplay:2] PHASE_START games=50 depth=3 workers=12
[2026-04-14T02:09:31.885] [INFO] [selfplay:2] [SelfPlay] Starting 50 games  depth=3  movetime=0ms  workers=12  output=C:\Users\chris\pyproj\my_env\Projects\ChessEngine\x64\Release\assets\duck_selfplay_gen2.bin  openings=2000  contempt=25  openingTemp=1.5  openingPlies=4  softmaxPlies=8  softmaxTemp=0.5  recordMinPly=10  recordMaxEval=2500  resign=500cp/3ply  draw=8cp/6ply@40  drawAdj=4cp/12ply@50
[2026-04-14T02:10:25.459] [INFO] [selfplay:2] [STOP] Pipeline stopped by user (exit code 1)
[2026-04-14T02:10:25.459] [EVENT] [selfplay:2] PHASE_END success=false
[2026-04-14T02:10:25.459] [ERROR] [selfplay:2] Self-play stopped by user
[2026-04-14T02:10:25.459] [EVENT] [pipeline:0] PIPELINE_END reason=user_stop completed_gens=1
# END OF LOG 2026-04-14T02:10:25.459
