# NNUE Training Runner - Structured Log
# Format: [TIMESTAMP] [LEVEL] [PHASE:GEN] message
# Structured events use KEY=VALUE pairs after the tag
# Levels: INFO, WARN, ERROR, EVENT, METRIC, CONFIG, CMD
# Generated: 2026-03-28T00:18:27.133
#
# ── HOW TO READ THIS LOG ──
# Lines starting with [EVENT] mark pipeline milestones (start/stop/phase transitions)
# Lines starting with [METRIC] contain numeric training data points
# Lines starting with [ERROR] or [WARN] flag issues to investigate
# Lines starting with [CONFIG] dump the full configuration used
# Lines starting with [CMD] show exact command lines executed
# Lines starting with [INFO] are general informational messages
#
[2026-03-28T00:18:27.163] [INFO] [selfplay:0] [LOG] Writing structured log to: C:\Users\chris\pyproj\my_env\Projects\ChessEngine\x64\Release\assets\logs\training_run_20260328_001827.log
[2026-03-28T00:18:27.163] [EVENT] [pipeline:0] PIPELINE_START first_gen=2 last_gen=6 total_gens=5
[2026-03-28T00:18:27.163] [CONFIG] [pipeline:0] generations=5 startGen=1 gamesPerGen=12 epochsPerGen=8 batchSize=2048 lr=0.0005 weightDecay=0.0001 dropout=0.1 labelSmooth=0.01 gradAccum=4 warmupSteps=55 drawWeight=0.7 mateBoost=10 splRatio=0.15 frcMix=0 replayWindow=4 replayDecay=0.7 workers=12 depth=6 mixedDepthLow=0 mixedDepthRatio=0 maxPositions=100000 earlyStop=6 cosineLr=true cosineT0=0 swa=true swaStart=5 drawPct=0 wdlAlpha=0.3 wdlDrawElo=50 eloValidate=false eloGames=100 swaGames=50 overfitDetect=true resignCp=500 contemptCp=60 maxPlies=250 drawCp=0 exeName=ChessEngine.exe pyScript=train_nnue.py dataDir=assets
[2026-03-28T00:18:27.163] [INFO] [selfplay:0] --- Generation 2 ---
[2026-03-28T00:18:27.164] [EVENT] [selfplay:2] PHASE_START games=12 depth=6 workers=12
[2026-03-28T00:18:27.164] [CMD] [selfplay:0] [CMD] "C:\Users\chris\pyproj\my_env\Projects\ChessEngine\x64\Release\ChessEngine.exe" --generate --games 12 --depth 6 --workers 12 --output "C:\Users\chris\pyproj\my_env\Projects\ChessEngine\x64\Release\assets\selfplay_gen2.bin" --weights "C:\Users\chris\pyproj\my_env\Projects\ChessEngine\x64\Release\assets\nnue_weights_gen1.bin" --openings "C:\Users\chris\pyproj\my_env\Projects\ChessEngine\x64\Release\assets\openings.txt" --game-time-limit 240 --resigncp 500 --contempt 60 --maxplies 250 --drawcp 0
[2026-03-28T00:18:27.652] [INFO] [selfplay:0] [SelfPlay] Loaded 2000 opening positions from C:\Users\chris\pyproj\my_env\Projects\ChessEngine\x64\Release\assets\openings.txt
[2026-03-28T00:18:27.652] [INFO] [selfplay:0] [SelfPlay] Starting 12 games  depth=6  movetime=0ms  workers=12  output=C:\Users\chris\pyproj\my_env\Projects\ChessEngine\x64\Release\assets\selfplay_gen2.bin  openings=2000  contempt=60  openingTemp=1.5  softmaxPlies=8  softmaxTemp=0.5  recordMinPly=10
[2026-03-28T00:18:40.391] [INFO] [selfplay:0] [INFO] Process terminated -- pipeline stopped by user.
[2026-03-28T00:18:40.392] [EVENT] [selfplay:2] PHASE_END success=false elapsed_sec=13.0
[2026-03-28T00:18:40.392] [ERROR] [selfplay:0] [ERR] Self-play failed gen 2
[2026-03-28T00:18:40.392] [INFO] [selfplay:0] === Pipeline stopped ===
[2026-03-28T00:18:40.392] [EVENT] [pipeline:0] PIPELINE_END stopped=true total_elapsed_sec=13.0 completed_gens=0
# ── END OF LOG ── 2026-03-28T00:18:40.392
