# NNUE Training Runner - Structured Log
# Format: [TIMESTAMP] [LEVEL] [PHASE:GEN] message
# Structured events use KEY=VALUE pairs after the tag
# Levels: INFO, WARN, ERROR, EVENT, METRIC, CONFIG, CMD
# Generated: 2026-03-27T23:06:39.331
#
# ── HOW TO READ THIS LOG ──
# Lines starting with [EVENT] mark pipeline milestones (start/stop/phase transitions)
# Lines starting with [METRIC] contain numeric training data points
# Lines starting with [ERROR] or [WARN] flag issues to investigate
# Lines starting with [CONFIG] dump the full configuration used
# Lines starting with [CMD] show exact command lines executed
# Lines starting with [INFO] are general informational messages
#
[2026-03-27T23:06:39.332] [INFO] [selfplay:0] [LOG] Writing structured log to: C:\Users\chris\pyproj\my_env\Projects\ChessEngine\x64\Release\assets\logs\training_run_20260327_230639.log
[2026-03-27T23:06:39.332] [EVENT] [pipeline:0] PIPELINE_START first_gen=1 last_gen=5 total_gens=5
[2026-03-27T23:06:39.332] [CONFIG] [pipeline:0] generations=5 startGen=0 gamesPerGen=1000 epochsPerGen=8 batchSize=2048 lr=0.0005 weightDecay=0.0001 dropout=0.1 labelSmooth=0.01 gradAccum=4 warmupSteps=55 drawWeight=0.7 mateBoost=10 splRatio=0.15 frcMix=0 replayWindow=4 replayDecay=0.7 workers=12 depth=6 mixedDepthLow=0 mixedDepthRatio=0 maxPositions=1000000 earlyStop=6 cosineLr=true cosineT0=0 swa=true swaStart=5 drawPct=0 wdlAlpha=0.3 wdlDrawElo=50 eloValidate=true eloGames=100 swaGames=50 overfitDetect=true resignCp=500 contemptCp=60 maxPlies=250 drawCp=0 exeName=ChessEngine.exe pyScript=train_nnue.py dataDir=assets
[2026-03-27T23:06:39.332] [INFO] [selfplay:0] --- Generation 1 ---
[2026-03-27T23:06:39.333] [EVENT] [selfplay:1] PHASE_START games=1000 depth=6 workers=12
[2026-03-27T23:06:39.333] [CMD] [selfplay:0] [CMD] "C:\Users\chris\pyproj\my_env\Projects\ChessEngine\x64\Release\ChessEngine.exe" --generate --games 1000 --depth 6 --workers 12 --output "C:\Users\chris\pyproj\my_env\Projects\ChessEngine\x64\Release\assets\selfplay_gen1.bin" --openings "C:\Users\chris\pyproj\my_env\Projects\ChessEngine\x64\Release\assets\openings.txt" --game-time-limit 240 --resigncp 500 --contempt 60 --maxplies 250 --drawcp 0
[2026-03-27T23:06:40.079] [INFO] [selfplay:0] [SelfPlay] Loaded 2000 opening positions from C:\Users\chris\pyproj\my_env\Projects\ChessEngine\x64\Release\assets\openings.txt
[2026-03-27T23:06:40.079] [INFO] [selfplay:0] [SelfPlay] Starting 1000 games  depth=6  movetime=0ms  workers=12  output=C:\Users\chris\pyproj\my_env\Projects\ChessEngine\x64\Release\assets\selfplay_gen1.bin  openings=2000  contempt=60  openingTemp=1.5  softmaxPlies=8  softmaxTemp=0.5  recordMinPly=10
[2026-03-27T23:07:15.086] [INFO] [selfplay:0] [SelfPlay] 1/1000 (0%)  pos=36  W/D/B=0/1/0  (0%/100%/0%)  d6  0.0 games/s (avg 0.0)  37.8K nps  ETA 06:48:58          
[2026-03-27T23:07:17.430] [INFO] [selfplay:0] [SelfPlay] 2/1000 (0%)  pos=46  W/D/B=1/1/0  (50%/50%/0%)  d6  0.0 games/s (avg 0.1)  62.7K nps  ETA 04:51:06          
[2026-03-27T23:07:26.123] [INFO] [selfplay:0] [SelfPlay] 3/1000 (0%)  pos=82  W/D/B=1/2/0  (33%/66%/0%)  d6  0.1 games/s (avg 0.1)  99.0K nps  ETA 03:26:43          
[2026-03-27T23:07:27.494] [INFO] [selfplay:0] [SelfPlay] 4/1000 (0%)  pos=118  W/D/B=1/3/0  (25%/75%/0%)  d6  0.1 games/s (avg 0.1)  116.7K nps  ETA 03:11:03        
[2026-03-27T23:07:35.338] [INFO] [selfplay:0] [SelfPlay] 5/1000 (0%)  pos=167  W/D/B=1/3/1  (20%/60%/20%)  d6  0.2 games/s (avg 0.1)  154.6K nps  ETA 02:37:07       
[2026-03-27T23:07:38.714] [INFO] [selfplay:0] [SelfPlay] 6/1000 (0%)  pos=203  W/D/B=1/4/1  (16%/66%/16%)  d6  0.2 games/s (avg 0.1)  169.6K nps  ETA 02:32:31       
[2026-03-27T23:07:43.604] [INFO] [selfplay:0] [SelfPlay] 7/1000 (0%)  pos=239  W/D/B=1/5/1  (14%/71%/14%)  d6  0.2 games/s (avg 0.1)  197.4K nps  ETA 02:18:32       
[2026-03-27T23:07:46.078] [INFO] [selfplay:0] [SelfPlay] 8/1000 (0%)  pos=275  W/D/B=1/6/1  (12%/75%/12%)  d6  0.2 games/s (avg 0.1)  201.8K nps  ETA 02:11:15       
[2026-03-27T23:07:46.288] [INFO] [selfplay:0] [SelfPlay] 9/1000 (0%)  pos=311  W/D/B=1/7/1  (11%/77%/11%)  d6  0.2 games/s (avg 0.1)  230.3K nps  ETA 02:01:06       
[2026-03-27T23:07:46.446] [INFO] [selfplay:0] [SelfPlay] 10/1000 (1%)  pos=347  W/D/B=1/8/1  (10%/80%/10%)  d6  0.9 games/s (avg 0.2)  268.6K nps  ETA 01:49:14      
[2026-03-27T23:07:48.428] [INFO] [selfplay:0] [SelfPlay] 11/1000 (1%)  pos=383  W/D/B=1/9/1  (9%/81%/9%)  d6  1.7 games/s (avg 0.2)  304.6K nps  ETA 01:39:24        
[2026-03-27T23:07:51.746] [INFO] [selfplay:0] [SelfPlay] 12/1000 (1%)  pos=419  W/D/B=1/10/1  (8%/83%/8%)  d6  1.5 games/s (avg 0.2)  319.9K nps  ETA 01:33:44       
[2026-03-27T23:07:55.955] [INFO] [selfplay:0] [SelfPlay] 13/1000 (1%)  pos=455  W/D/B=1/11/1  (7%/84%/7%)  d6  1.4 games/s (avg 0.2)  320.8K nps  ETA 01:30:37       
[2026-03-27T23:08:02.694] [INFO] [selfplay:0] [SelfPlay] 14/1000 (1%)  pos=491  W/D/B=1/12/1  (7%/85%/7%)  d6  1.2 games/s (avg 0.2)  341.9K nps  ETA 01:28:56       
[2026-03-27T23:08:06.109] [INFO] [selfplay:0] [SelfPlay] 15/1000 (1%)  pos=527  W/D/B=1/13/1  (6%/86%/6%)  d6  1.0 games/s (avg 0.2)  330.6K nps  ETA 01:30:24       
[2026-03-27T23:08:06.118] [INFO] [selfplay:0] [INFO] Process terminated -- pipeline stopped by user.
[2026-03-27T23:08:06.118] [EVENT] [selfplay:1] PHASE_END success=false elapsed_sec=86.0
[2026-03-27T23:08:06.118] [ERROR] [selfplay:0] [ERR] Self-play failed gen 1
[2026-03-27T23:08:06.118] [INFO] [selfplay:0] === Pipeline stopped ===
[2026-03-27T23:08:06.118] [EVENT] [pipeline:0] PIPELINE_END stopped=true total_elapsed_sec=86.0 completed_gens=0
# ── END OF LOG ── 2026-03-27T23:08:06.118
