# NNUE Training Runner - Structured Log
# Format: [TIMESTAMP] [LEVEL] [PHASE:GEN] message
# Generated: 2026-04-16T01:39:07.604
#
[2026-04-16T01:39:07.604] [EVENT] [pipeline:0] PIPELINE_START first_gen=5 last_gen=14 total_gens=10
[2026-04-16T01:39:07.604] [CONFIG] [pipeline:0] variant=Duck Chess generations=10 startGen=4 gamesPerGen=50000 depth=2 workers=12 epochsPerGen=20 batchSize=512 lr=0.001 weightDecay=0.0001 maxPositions=2500000 splRatio=0.4 drawWeight=0.2 mateBoost=8 eloValidate=false
[2026-04-16T01:39:07.604] [EVENT] [pipeline:5] GEN_START gen=5
[2026-04-16T01:39:07.614] [CMD] [selfplay:5] "C:\Users\chris\pyproj\my_env\Projects\ChessEngine\x64\Release\ChessEngine.exe" --generate --games 50000 --depth 2 --workers 12 --output "C:\Users\chris\pyproj\my_env\Projects\ChessEngine\x64\Release\assets\duck_selfplay_gen5.bin" --duck-chess --resign-cp 500 --resign-count 3 --draw-cp 50 --draw-count 6 --draw-min-ply 40 --draw-adj-moves 12 --draw-adj-threshold 4 --draw-adj-min-move 50 --maxplies 250 --contempt 25 --opening-plies 4 --opening-temp 1.5 --softmax-plies 8 --softmax-temp 0.5 --record-min-ply 10 --record-max-eval 2500 --openings "C:\Users\chris\pyproj\my_env\Projects\ChessEngine\x64\Release\assets\openings.txt"
[2026-04-16T01:39:07.614] [EVENT] [selfplay:5] PHASE_START games=50000 depth=2 workers=12
[2026-04-16T01:39:07.967] [INFO] [selfplay:5] [SelfPlay] Starting 50000 games  depth=2  movetime=0ms  workers=12  output=C:\Users\chris\pyproj\my_env\Projects\ChessEngine\x64\Release\assets\duck_selfplay_gen5.bin  openings=2000  contempt=25  openingTemp=1.5  openingPlies=4  softmaxPlies=8  softmaxTemp=0.5  recordMinPly=10  recordMaxEval=2500  resign=500cp/3ply  draw=50cp/6ply@40  drawAdj=4cp/12ply@50
[2026-04-16T04:05:31.515] [INFO] [selfplay:5] [SKIP] Phase skipped by user — continuing pipeline
[2026-04-16T04:05:31.515] [EVENT] [selfplay:5] PHASE_END success=true output_size=1.5 MB
[2026-04-16T04:05:32.686] [EVENT] [training:5] PHASE_START epochs=20 lr=0.001 batch=512
[2026-04-16T04:06:55.429] [METRIC] [training:5] EPOCH epoch=0 train_loss=0.02963000 val_loss=0.01547649
[2026-04-16T04:07:43.991] [METRIC] [training:5] EPOCH epoch=0 train_loss=0.03566000
[2026-04-16T04:07:43.995] [ERROR] [training:5] [STOP] Pipeline stopped by user (exit code 1)
[2026-04-16T04:07:43.995] [EVENT] [training:5] PHASE_END success=false duration=2m 11s best_train=0.03566 best_val=0.01547649 weights_size=2.2 MB
[2026-04-16T04:07:43.995] [ERROR] [training:5] Training stopped by user
[2026-04-16T04:07:43.995] [EVENT] [pipeline:0] PIPELINE_END reason=user_stop completed_gens=0
# END OF LOG 2026-04-16T04:07:43.995
